// Vitest Snapshot v1, https://vitest.dev/guide/snapshot.html

exports[`renders as expected 1`] = `
"// ~~ Generated by projen. To modify, edit .projenrc.js and run \\"npx projen\\".

export default {}"
`;

exports[`renders as expected with merged config 1`] = `
"// ~~ Generated by projen. To modify, edit .projenrc.js and run \\"npx projen\\".

export default {
    to: \\"something\\",
    from: resolveFrom()
}"
`;

exports[`renders with plugins as expected 1`] = `
"// ~~ Generated by projen. To modify, edit .projenrc.js and run \\"npx projen\\".

import postcssPxToRem from \\"postcss-pxtorem\\";
import tailwindcss from \\"tailwindcss\\";

export default {
    plugins: [tailwindcss, postcssPxToRem({\\"propList\\":[\\"font\\"]})]
}"
`;
