// Vitest Snapshot v1, https://vitest.dev/guide/snapshot.html

exports[`Button > renders as expected. 1`] = `
<button
  class="p-button p-component"
  type="button"
  variant="primary"
>
  
  
  
  
  <!---->
  
  <span
    class="p-button-label"
  >
    Â 
  </span>
  <!---->
  
</button>
`;
