// Vitest Snapshot v1, https://vitest.dev/guide/snapshot.html

exports[`renders as expected. 1`] = `
"// ~~ Generated by projen. To modify, edit .projenrc.js and run \\"npx projen\\".

/** @type {import('tailwindcss').Config} */
export default {
    content: [\\"./index.html\\",  \\"./src/**/*.{vue,ts,tsx}\\"],
    theme: {
        extend: {}
    }
}"
`;

exports[`renders as expected. 2`] = `
{
  "compilerOptions": {
    "alwaysStrict": true,
    "declaration": true,
    "esModuleInterop": true,
    "experimentalDecorators": true,
    "inlineSourceMap": true,
    "inlineSources": true,
    "lib": [
      "es2019",
    ],
    "module": "CommonJS",
    "noEmitOnError": false,
    "noFallthroughCasesInSwitch": true,
    "noImplicitAny": true,
    "noImplicitReturns": true,
    "noImplicitThis": true,
    "noUnusedLocals": true,
    "noUnusedParameters": true,
    "resolveJsonModule": true,
    "strict": true,
    "strictNullChecks": true,
    "strictPropertyInitialization": true,
    "stripInternal": true,
    "target": "ES2019",
  },
  "exclude": [
    "node_modules",
  ],
  "include": [
    ".projenrc.js",
    "src/**/*.ts",
    "test/**/*.ts",
    "tailwind.config.mjs",
  ],
}
`;

exports[`renders as expected. 3`] = `
{
  "//": "~~ Generated by projen. To modify, edit .projenrc.js and run \\"npx projen\\".",
  "dependencies": {
    "tailwindcss": "*",
  },
  "devDependencies": {
    "@types/jest": "*",
    "@types/node": "^16",
    "@typescript-eslint/eslint-plugin": "^6",
    "@typescript-eslint/parser": "^6",
    "eslint": "^8",
    "eslint-import-resolver-node": "*",
    "eslint-import-resolver-typescript": "*",
    "eslint-plugin-import": "*",
    "jest": "*",
    "jest-junit": "^15",
    "npm-check-updates": "^16",
    "projen": "*",
    "standard-version": "^9",
    "ts-jest": "*",
    "typescript": "*",
  },
  "jest": {
    "clearMocks": true,
    "collectCoverage": true,
    "coverageDirectory": "coverage",
    "coveragePathIgnorePatterns": [
      "/node_modules/",
    ],
    "coverageReporters": [
      "json",
      "lcov",
      "clover",
      "cobertura",
      "text",
    ],
    "globals": {
      "ts-jest": {
        "tsconfig": "tsconfig.dev.json",
      },
    },
    "preset": "ts-jest",
    "reporters": [
      "default",
      [
        "jest-junit",
        {
          "outputDirectory": "test-reports",
        },
      ],
    ],
    "testMatch": [
      "<rootDir>/src/**/__tests__/**/*.ts?(x)",
      "<rootDir>/(test|src)/**/*(*.)@(spec|test).ts?(x)",
    ],
    "testPathIgnorePatterns": [
      "/node_modules/",
    ],
    "watchPathIgnorePatterns": [
      "/node_modules/",
    ],
  },
  "license": "Apache-2.0",
  "main": "lib/index.js",
  "name": "-1924646760_0",
  "scripts": {
    "build": "npx projen build",
    "bump": "npx projen bump",
    "clobber": "npx projen clobber",
    "compile": "npx projen compile",
    "default": "npx projen default",
    "eject": "npx projen eject",
    "eslint": "npx projen eslint",
    "package": "npx projen package",
    "post-compile": "npx projen post-compile",
    "post-upgrade": "npx projen post-upgrade",
    "pre-compile": "npx projen pre-compile",
    "projen": "npx projen",
    "release": "npx projen release",
    "test": "npx projen test",
    "test:watch": "npx projen test:watch",
    "unbump": "npx projen unbump",
    "upgrade": "npx projen upgrade",
    "watch": "npx projen watch",
  },
  "types": "lib/index.d.ts",
  "version": "0.0.0",
}
`;

exports[`renders with plugins as expected. 1`] = `undefined`;
